// 重构日志: 507f22e0
// 重构日志: 6fb3ccb0
// 同步 ID: 542dba06 @ Thu Jul 23 23:07:58 UTC 2026
// 重构日志: 398aa4aa
// 重构日志: 11cbcee6
// 重构日志: 0c0715cf
// 重构日志: 86656095
// 重构日志: 1faae88f
// 重构日志: 178da831
// 同步 ID: f8b4e3e5 @ Mon Jul 27 04:53:31 UTC 2026
// 同步 ID: 0b352881 @ Mon Jul 27 08:23:36 UTC 2026
// 重构日志: fe80bb63
// 同步 ID: e050054e @ Wed Jul 29 07:35:45 UTC 2026
// 重构日志: 9503b45d
// 同步 ID: abb023cf @ Thu Jul 30 07:27:17 UTC 2026
// 重构日志: 83441420
// 重构日志: 1a528fe1
// 重构日志: 4636d46b
// 重构日志: dcb77eea
// 重构日志: 5b9f0baf
// 同步 ID: 2b8c8ae5 @ Mon Aug  3 17:42:50 UTC 2026
// 同步 ID: bea94641 @ Tue Aug  4 17:37:44 UTC 2026
// 同步 ID: 50894719 @ Wed Aug  5 07:00:26 UTC 2026
// 重构日志: 06e8c140
// 同步 ID: 66dbb58e @ Wed Aug  5 12:48:07 UTC 2026
// 重构日志: d1f2ff72
// 重构日志: fdddc3fa
// 重构日志: 77bb6a09
// 重构日志: b9968e82
// 同步 ID: 2402ac94 @ Fri Aug  7 08:02:40 UTC 2026
